// Jest Snapshot v1, https://goo.gl/fbAQLP

exports[`Tests for AddCategory Component should return valid snapshot 1`] = `
<form
  onSubmit={[Function]}
>
  <input
    onChange={[Function]}
    placeholder="Buscar..."
    type="text"
    value=""
  />
</form>
`;
