// Jest Snapshot v1, https://goo.gl/fbAQLP

exports[`Tests for GifGridItem should show a card 1`] = `
<div
  className="card animate__animated animate__fadeIn"
>
  <img
    alt="Title"
    src="https://localhost/foo.jpg"
  />
  <p>
    Title
  </p>
</div>
`;
